// Jest Snapshot v1, https://goo.gl/fbAQLP

exports[`Header component renders correctly 1`] = `
<View
  style={
    Array [
      Object {
        "flexDirection": "row",
        "marginBottom": 0,
        "marginLeft": 20,
        "marginRight": 0,
        "marginTop": 66.5,
        "width": "100%",
      },
    ]
  }
>
  <View
    accessible={true}
    focusable={true}
    hitSlop={
      Object {
        "bottom": 10,
        "left": 10,
        "right": 10,
        "top": 10,
      }
    }
    onClick={[Function]}
    onResponderGrant={[Function]}
    onResponderMove={[Function]}
    onResponderRelease={[Function]}
    onResponderTerminate={[Function]}
    onResponderTerminationRequest={[Function]}
    onStartShouldSetResponder={[Function]}
    style={
      Object {
        "alignItems": "flex-start",
        "justifyContent": "center",
        "marginRight": 20,
        "opacity": 1,
      }
    }
    testID="backButton"
  >
    <Text />
  </View>
  <Text
    style={
      Array [
        Object {
          "color": "#353434",
        },
        Object {
          "fontSize": 40,
          "fontWeight": "bold",
        },
      ]
    }
    themeName="light"
    type="bold"
  >
    Header
  </Text>
</View>
`;

exports[`Header component renders correctly match snapshot 1`] = `
<View
  style={
    Array [
      Object {
        "flexDirection": "row",
        "marginBottom": 0,
        "marginLeft": 20,
        "marginRight": 0,
        "marginTop": 66.5,
        "width": "100%",
      },
    ]
  }
>
  <View
    accessible={true}
    focusable={true}
    hitSlop={
      Object {
        "bottom": 10,
        "left": 10,
        "right": 10,
        "top": 10,
      }
    }
    onClick={[Function]}
    onResponderGrant={[Function]}
    onResponderMove={[Function]}
    onResponderRelease={[Function]}
    onResponderTerminate={[Function]}
    onResponderTerminationRequest={[Function]}
    onStartShouldSetResponder={[Function]}
    style={
      Object {
        "alignItems": "flex-start",
        "justifyContent": "center",
        "marginRight": 20,
        "opacity": 1,
      }
    }
    testID="backButton"
  >
    <Text />
  </View>
  <Text
    style={
      Array [
        Object {
          "color": "#353434",
        },
        Object {
          "fontSize": 40,
          "fontWeight": "bold",
        },
      ]
    }
    themeName="light"
    type="bold"
  >
    Header
  </Text>
</View>
`;
